// Jest Snapshot v1, https://goo.gl/fbAQLP

exports[`<Header /> should render the Header component correctly 1`] = `
<Fragment>
  <div
    className="bg-white shadow relative"
  >
    <div
      className="container mx-auto px-4"
    >
      <div
        className="flex items-center justify-between py-4"
      >
        <div
          className="flex"
        >
          <Link
            to="/"
          >
            <img
              alt="Authors' Haven Icon"
              className="w-10 h-9 mr-2"
              src={
                Object {
                  "process": [Function],
                }
              }
            />
          </Link>
          <h1
            className="font-bold text-xl sm-text-base"
          >
            Authorâ€˜s Haven
          </h1>
        </div>
        <div
          className="hidden sm:flex sm:items-center"
        >
          <div
            className="flex items-center"
          >
            <FontAwesome
              onClick={[Function]}
              onKeyDown={[Function]}
              role="presentation"
              styleClass="m-2 text-gray-500 mr-4 cursor-pointer text-2xl"
              type={
                Object {
                  "icon": Array [
                    512,
                    512,
                    Array [],
                    "f002",
                    "M505 442.7L405.3 343c-4.5-4.5-10.6-7-17-7H372c27.6-35.3 44-79.7 44-128C416 93.1 322.9 0 208 0S0 93.1 0 208s93.1 208 208 208c48.3 0 92.7-16.4 128-44v16.3c0 6.4 2.5 12.5 7 17l99.7 99.7c9.4 9.4 24.6 9.4 33.9 0l28.3-28.3c9.4-9.4 9.4-24.6.1-34zM208 336c-70.7 0-128-57.2-128-128 0-70.7 57.2-128 128-128 70.7 0 128 57.2 128 128 0 70.7-57.2 128-128 128z",
                  ],
                  "iconName": "search",
                  "prefix": "fas",
                }
              }
            />
          </div>
          <img
            alt="ProfileImage"
            className="rounded-full w-10 h-10 text-blue-600 cursor-pointer block"
            onClick={[Function]}
            onKeyDown={[Function]}
            role="presentation"
          />
        </div>
        <div
          className="flex sm:hidden cursor-pointer"
        >
          <div
            className="flex items-center"
          >
            <FontAwesome
              onClick={[Function]}
              onKeyDown={[Function]}
              role="presentation"
              styleClass="m-2 text-gray-500 mr-4 cursor-pointer text-2xl"
              type={
                Object {
                  "icon": Array [
                    512,
                    512,
                    Array [],
                    "f002",
                    "M505 442.7L405.3 343c-4.5-4.5-10.6-7-17-7H372c27.6-35.3 44-79.7 44-128C416 93.1 322.9 0 208 0S0 93.1 0 208s93.1 208 208 208c48.3 0 92.7-16.4 128-44v16.3c0 6.4 2.5 12.5 7 17l99.7 99.7c9.4 9.4 24.6 9.4 33.9 0l28.3-28.3c9.4-9.4 9.4-24.6.1-34zM208 336c-70.7 0-128-57.2-128-128 0-70.7 57.2-128 128-128 70.7 0 128 57.2 128 128 0 70.7-57.2 128-128 128z",
                  ],
                  "iconName": "search",
                  "prefix": "fas",
                }
              }
            />
          </div>
          <img
            alt="ProfileImage"
            className="rounded-full w-10 h-10 text-blue-600 cursor-pointer block"
            onClick={[Function]}
            onKeyDown={[Function]}
            role="presentation"
          />
        </div>
      </div>
      <div
        className="block sm:hidden bg-white border-t-2 py-2 hidden"
      >
        <div
          className="flex justify-between items-center pt-2"
        />
      </div>
    </div>
  </div>
  <div
    className="block bg-white border-t-2 py-2 w-2/5 max-w-xs shadow-lg absolute right-0 hidden"
  >
    <div
      className="tooltip container"
    />
    <div
      className="flex justify-between items-center pt-2 font-sans text-sm"
    >
      <div
        className="p-2 px-2 sm:px-6  w-full"
      >
        <Link
          to="/profile/kingsmen"
        >
          <div
            className="border-b pb-4 md:flex lg:flex flex-wrap"
          >
            <img
              alt="My profile"
              className="rounded-full w-10 h-10 mx-auto md:mx-0 lg:mx-0"
            />
            <div
              className="ml-0 md:ml-4 lg:ml-4 md:text-left lg:text-left text-center hover:text-blue-700"
            >
              <div
                className="font-bold text-base"
              >
                Kings men
              </div>
              <div
                className="text-gray-500"
              >
                @ kingsmen
              </div>
            </div>
          </div>
        </Link>
        <Link
          className="block border-b pb-2 hover:text-blue-700 pt-2"
          to="/profile/kingsmen"
        >
          Profile
        </Link>
        <Link
          className="block border-b pb-2 pt-2 hover:text-blue-700"
          to="/articles"
        >
          New Article
        </Link>
        <Link
          className="block pt-2 hover:text-blue-700"
          to="/"
        >
          Sign out
        </Link>
      </div>
    </div>
  </div>
</Fragment>
`;
