// Jest Snapshot v1, https://goo.gl/fbAQLP

exports[`<Home /> should render the Home component correctly 1`] = `
<div>
  <h1>
    This is the Home page
  </h1>
</div>
`;
