// Jest Snapshot v1, https://goo.gl/fbAQLP

exports[`<NotFound /> should render the NotFound component correctly 1`] = `
<div>
  <h1>
    This page is not found
  </h1>
</div>
`;
