// Jest Snapshot v1, https://goo.gl/fbAQLP

exports[`Routes should render the Routes component correctly 1`] = `
<BrowserRouter>
  <Switch>
    <Route
      component={[Function]}
      exact={true}
      path="/"
    />
    <Route
      component={[Function]}
      exact={true}
      path="/login"
    />
    <Route
      component={[Function]}
      path="/"
    />
  </Switch>
</BrowserRouter>
`;
