// Jest Snapshot v1, https://goo.gl/fbAQLP

exports[`<Home /> should render the Home component correctly 1`] = `
<div
  className="bg-gray-100 font-sans w-full min-h-screen m-0"
>
  <Header
    profile={
      Object {
        "avatar": "./public/img/logo.png",
        "firstname": "Emmanuel",
        "lastname": "Okwara",
      }
    }
    user={
      Object {
        "isAuthenticated": true,
        "username": "Macco",
      }
    }
  />
</div>
`;
