// Jest Snapshot v1, https://goo.gl/fbAQLP

exports[`<Login /> should render the Login component correctly 1`] = `
<div>
  <h1>
    This is the login page
  </h1>
</div>
`;
