// Jest Snapshot v1, https://goo.gl/fbAQLP

exports[`HOC: Authorize Article should render correctly 1`] = `
<ContextProvider
  value={
    Object {
      "store": Object {
        "dispatch": [Function],
        "getState": [Function],
        "replaceReducer": [Function],
        "subscribe": [Function],
        Symbol(observable): [Function],
      },
      "subscription": Subscription {
        "handleChangeWrapper": [Function],
        "listeners": Object {
          "clear": [Function],
          "get": [Function],
          "notify": [Function],
          "subscribe": [Function],
        },
        "onStateChange": [Function],
        "parentSub": undefined,
        "store": Object {
          "dispatch": [Function],
          "getState": [Function],
          "replaceReducer": [Function],
          "subscribe": [Function],
          Symbol(observable): [Function],
        },
        "unsubscribe": [Function],
      },
    }
  }
>
  <MemoryRouter>
    <Connect(Authenticator)
      location={
        Object {
          "pathname": "/article/hello-world",
          "state": Object {
            "from": Object {
              "pathname": "//article/hello-world/edit",
            },
          },
        }
      }
    />
  </MemoryRouter>
</ContextProvider>
`;
